Collecting uv==0.11.28
  Downloading uv-0.11.28-py3-none-manylinux_2_17_x86_64.manylinux2014_x86_64.whl.metadata (11 kB)
Downloading uv-0.11.28-py3-none-manylinux_2_17_x86_64.manylinux2014_x86_64.whl (27.1 MB)
   ━━━━━━━━━━━━━━━━━━━━━━━━━━━━━━━━━━━━━━━━ 27.1/27.1 MB 56.5 MB/s  0:00:00
Installing collected packages: uv
Successfully installed uv-0.11.28
Using CPython 3.12.13 interpreter at: /opt/hostedtoolcache/Python/3.12.13/x64/bin/python3
Creating virtual environment at: .venv
Resolved 70 packages in 0.69ms
   Building traceless-api @ file:///home/runner/work/traceless/traceless/apps/api
Downloading reportlab (1.9MiB)
Downloading pydantic-core (2.0MiB)
Downloading sqlalchemy (3.2MiB)
Downloading ruff (10.9MiB)
Downloading uvloop (4.2MiB)
Downloading pillow (6.6MiB)
Downloading psycopg-binary (4.9MiB)
Downloading pygments (1.2MiB)
Downloading pip (1.7MiB)
Downloading cryptography (4.5MiB)
 Downloaded pydantic-core
 Downloaded psycopg-binary
 Downloaded ruff
 Downloaded pillow
 Downloaded uvloop
 Downloaded cryptography
 Downloaded reportlab
 Downloaded pygments
 Downloaded sqlalchemy
 Downloaded pip
      Built traceless-api @ file:///home/runner/work/traceless/traceless/apps/api
Prepared 68 packages in 1.06s
Installed 68 packages in 38ms
 + alembic==1.18.5
 + annotated-doc==0.0.4
 + annotated-types==0.7.0
 + anyio==4.14.2
 + boolean-py==5.0
 + cachecontrol==0.14.4
 + certifi==2026.6.17
 + cffi==2.1.0
 + charset-normalizer==3.4.9
 + click==8.4.2
 + coverage==7.15.2
 + cryptography==48.0.1
 + cyclonedx-python-lib==11.11.0
 + defusedxml==0.7.1
 + fastapi==0.139.2
 + filelock==3.30.3
 + greenlet==3.5.3
 + h11==0.16.0
 + httpcore==1.0.9
 + httptools==0.8.0
 + httpx==0.28.1
 + idna==3.18
 + iniconfig==2.3.0
 + license-expression==30.4.4
 + mako==1.3.12
 + markdown-it-py==4.2.0
 + markupsafe==3.0.3
 + mdurl==0.1.2
 + msgpack==1.2.1
 + packageurl-python==0.17.6
 + packaging==26.2
 + pillow==12.3.0
 + pip==26.1.2
 + pip-api==0.0.34
 + pip-audit==2.10.1
 + pip-requirements-parser==32.0.1
 + platformdirs==4.10.0
 + pluggy==1.6.0
 + psycopg==3.3.4
 + psycopg-binary==3.3.4
 + py-serializable==2.1.0
 + pycparser==3.0
 + pydantic==2.13.4
 + pydantic-core==2.46.4
 + pydantic-settings==2.14.2
 + pygments==2.20.0
 + pyparsing==3.3.2
 + pytest==9.1.1
 + pytest-cov==7.1.0
 + python-dotenv==1.2.2
 + pyyaml==6.0.3
 + reportlab==4.5.1
 + requests==2.34.2
 + rich==15.0.0
 + ruff==0.15.22
 + sortedcontainers==2.4.0
 + sqlalchemy==2.0.51
 + starlette==1.3.1
 + tomli==2.4.1
 + tomli-w==1.2.0
 + traceless-api==0.1.0 (from file:///home/runner/work/traceless/traceless/apps/api)
 + typing-extensions==4.16.0
 + typing-inspection==0.4.2
 + urllib3==2.7.0
 + uvicorn==0.51.0
 + uvloop==0.22.1
 + watchfiles==1.2.0
 + websockets==16.1
4 files reformatted
B007 Loop control variable `asset_id` not used within loop body
   --> src/traceless_api/services/risk_graph.py:472:9
    |
470 |     for regulation_node_id in regulation_node_ids:
471 |         add_edge(regulation_node_id, system_node_id, "governs")
472 |     for asset_id, asset_node_id in asset_nodes.items():
    |         ^^^^^^^^
473 |         add_edge(system_node_id, asset_node_id, "contains")
474 |     for service in services:
    |
help: Rename unused `asset_id` to `_asset_id`

B007 Loop control variable `raw_id` not used within loop body
   --> src/traceless_api/services/risk_graph.py:498:9
    |
496 |         for capability_node_id in capability_node_ids[:3]:
497 |             add_edge(risk_node_id, capability_node_id, "impacts")
498 |     for raw_id, node_id in architecture_component_ids.items():
    |         ^^^^^^
499 |         if node_id.startswith("architecture:"):
500 |             add_edge(system_node_id, node_id, "contains_modeled_component")
    |
help: Rename unused `raw_id` to `_raw_id`

Found 2 errors.
